Archive member included to satisfy reference by file (symbol)

/Applications/ArmGNUToolchain/13.3.rel1/arm-none-eabi/bin/../lib/gcc/arm-none-eabi/13.3.1/thumb/v7e-m/nofp/libgcc.a(_aeabi_uldivmod.o)
                              CMakeFiles/LED_lighting_exercise1.elf.dir/Drivers/STM32F4xx_HAL_Driver/Src/stm32f4xx_hal_rcc.c.obj (__aeabi_uldivmod)
/Applications/ArmGNUToolchain/13.3.rel1/arm-none-eabi/bin/../lib/gcc/arm-none-eabi/13.3.1/thumb/v7e-m/nofp/libgcc.a(_udivmoddi4.o)
                              /Applications/ArmGNUToolchain/13.3.rel1/arm-none-eabi/bin/../lib/gcc/arm-none-eabi/13.3.1/thumb/v7e-m/nofp/libgcc.a(_aeabi_uldivmod.o) (__udivmoddi4)
/Applications/ArmGNUToolchain/13.3.rel1/arm-none-eabi/bin/../lib/gcc/arm-none-eabi/13.3.1/thumb/v7e-m/nofp/libgcc.a(_dvmd_tls.o)
                              /Applications/ArmGNUToolchain/13.3.rel1/arm-none-eabi/bin/../lib/gcc/arm-none-eabi/13.3.1/thumb/v7e-m/nofp/libgcc.a(_aeabi_uldivmod.o) (__aeabi_ldiv0)
/Applications/ArmGNUToolchain/13.3.rel1/arm-none-eabi/bin/../lib/gcc/arm-none-eabi/13.3.1/../../../../arm-none-eabi/lib/thumb/v7e-m/nofp/libc.a(libc_a-exit.o)
                              /Applications/ArmGNUToolchain/13.3.rel1/arm-none-eabi/bin/../lib/gcc/arm-none-eabi/13.3.1/../../../../arm-none-eabi/lib/thumb/v7e-m/nofp/crt0.o (exit)
/Applications/ArmGNUToolchain/13.3.rel1/arm-none-eabi/bin/../lib/gcc/arm-none-eabi/13.3.1/../../../../arm-none-eabi/lib/thumb/v7e-m/nofp/libc.a(libc_a-findfp.o)
                              /Applications/ArmGNUToolchain/13.3.rel1/arm-none-eabi/bin/../lib/gcc/arm-none-eabi/13.3.1/../../../../arm-none-eabi/lib/thumb/v7e-m/nofp/libc.a(libc_a-exit.o) (__stdio_exit_handler)
/Applications/ArmGNUToolchain/13.3.rel1/arm-none-eabi/bin/../lib/gcc/arm-none-eabi/13.3.1/../../../../arm-none-eabi/lib/thumb/v7e-m/nofp/libc.a(libc_a-memset.o)
                              /Applications/ArmGNUToolchain/13.3.rel1/arm-none-eabi/bin/../lib/gcc/arm-none-eabi/13.3.1/../../../../arm-none-eabi/lib/thumb/v7e-m/nofp/crt0.o (memset)
/Applications/ArmGNUToolchain/13.3.rel1/arm-none-eabi/bin/../lib/gcc/arm-none-eabi/13.3.1/../../../../arm-none-eabi/lib/thumb/v7e-m/nofp/libc.a(libc_a-impure.o)
                              /Applications/ArmGNUToolchain/13.3.rel1/arm-none-eabi/bin/../lib/gcc/arm-none-eabi/13.3.1/../../../../arm-none-eabi/lib/thumb/v7e-m/nofp/libc.a(libc_a-findfp.o) (_impure_data)
/Applications/ArmGNUToolchain/13.3.rel1/arm-none-eabi/bin/../lib/gcc/arm-none-eabi/13.3.1/../../../../arm-none-eabi/lib/thumb/v7e-m/nofp/libc.a(libc_a-errno.o)
                              CMakeFiles/LED_lighting_exercise1.elf.dir/Core/Src/syscalls.c.obj (__errno)
/Applications/ArmGNUToolchain/13.3.rel1/arm-none-eabi/bin/../lib/gcc/arm-none-eabi/13.3.1/../../../../arm-none-eabi/lib/thumb/v7e-m/nofp/libc.a(libc_a-init.o)
                              /Applications/ArmGNUToolchain/13.3.rel1/arm-none-eabi/bin/../lib/gcc/arm-none-eabi/13.3.1/../../../../arm-none-eabi/lib/thumb/v7e-m/nofp/crt0.o (__libc_init_array)
/Applications/ArmGNUToolchain/13.3.rel1/arm-none-eabi/bin/../lib/gcc/arm-none-eabi/13.3.1/../../../../arm-none-eabi/lib/thumb/v7e-m/nofp/libc.a(libc_a-lock.o)
                              /Applications/ArmGNUToolchain/13.3.rel1/arm-none-eabi/bin/../lib/gcc/arm-none-eabi/13.3.1/../../../../arm-none-eabi/lib/thumb/v7e-m/nofp/libc.a(libc_a-findfp.o) (__retarget_lock_init_recursive)
/Applications/ArmGNUToolchain/13.3.rel1/arm-none-eabi/bin/../lib/gcc/arm-none-eabi/13.3.1/../../../../arm-none-eabi/lib/thumb/v7e-m/nofp/libc.a(libc_a-__call_atexit.o)
                              /Applications/ArmGNUToolchain/13.3.rel1/arm-none-eabi/bin/../lib/gcc/arm-none-eabi/13.3.1/../../../../arm-none-eabi/lib/thumb/v7e-m/nofp/libc.a(libc_a-exit.o) (__call_exitprocs)
/Applications/ArmGNUToolchain/13.3.rel1/arm-none-eabi/bin/../lib/gcc/arm-none-eabi/13.3.1/../../../../arm-none-eabi/lib/thumb/v7e-m/nofp/libc.a(libc_a-atexit.o)
                              /Applications/ArmGNUToolchain/13.3.rel1/arm-none-eabi/bin/../lib/gcc/arm-none-eabi/13.3.1/../../../../arm-none-eabi/lib/thumb/v7e-m/nofp/libc.a(libc_a-__call_atexit.o) (atexit)
/Applications/ArmGNUToolchain/13.3.rel1/arm-none-eabi/bin/../lib/gcc/arm-none-eabi/13.3.1/../../../../arm-none-eabi/lib/thumb/v7e-m/nofp/libc.a(libc_a-mallocr.o)
                              /Applications/ArmGNUToolchain/13.3.rel1/arm-none-eabi/bin/../lib/gcc/arm-none-eabi/13.3.1/../../../../arm-none-eabi/lib/thumb/v7e-m/nofp/libc.a(libc_a-findfp.o) (_malloc_r)
/Applications/ArmGNUToolchain/13.3.rel1/arm-none-eabi/bin/../lib/gcc/arm-none-eabi/13.3.1/../../../../arm-none-eabi/lib/thumb/v7e-m/nofp/libc.a(libc_a-mlock.o)
                              /Applications/ArmGNUToolchain/13.3.rel1/arm-none-eabi/bin/../lib/gcc/arm-none-eabi/13.3.1/../../../../arm-none-eabi/lib/thumb/v7e-m/nofp/libc.a(libc_a-mallocr.o) (__malloc_lock)
[...]
Memory Configuration

Name             Origin             Length             Attributes
RAM              0x20000000         0x00030000         xrw
CCMRAM           0x10000000         0x00010000         xrw
FLASH            0x08000000         0x00200000         xr
*default*        0x00000000         0xffffffff

Linker script and memory map

LOAD /Applications/ArmGNUToolchain/13.3.rel1/arm-none-eabi/bin/../lib/gcc/arm-none-eabi/13.3.1/thumb/v7e-m/nofp/crti.o
LOAD /Applications/ArmGNUToolchain/13.3.rel1/arm-none-eabi/bin/../lib/gcc/arm-none-eabi/13.3.1/thumb/v7e-m/nofp/crtbegin.o
LOAD /Applications/ArmGNUToolchain/13.3.rel1/arm-none-eabi/bin/../lib/gcc/arm-none-eabi/13.3.1/../../../../arm-none-eabi/lib/thumb/v7e-m/nofp/crt0.o
LOAD CMakeFiles/LED_lighting_exercise1.elf.dir/Core/Src/gpio.c.obj
LOAD CMakeFiles/LED_lighting_exercise1.elf.dir/Core/Src/main.c.obj
LOAD CMakeFiles/LED_lighting_exercise1.elf.dir/Core/Src/stm32f4xx_hal_msp.c.obj
LOAD CMakeFiles/LED_lighting_exercise1.elf.dir/Core/Src/stm32f4xx_it.c.obj
LOAD CMakeFiles/LED_lighting_exercise1.elf.dir/Core/Src/syscalls.c.obj
LOAD CMakeFiles/LED_lighting_exercise1.elf.dir/Core/Src/sysmem.c.obj
LOAD CMakeFiles/LED_lighting_exercise1.elf.dir/Core/Src/system_stm32f4xx.c.obj
LOAD CMakeFiles/LED_lighting_exercise1.elf.dir/Core/Src/tim.c.obj
LOAD CMakeFiles/LED_lighting_exercise1.elf.dir/Core/Src/timer_exercise.cpp.obj
LOAD CMakeFiles/LED_lighting_exercise1.elf.dir/Core/Startup/startup_stm32f427iihx.s.obj
LOAD CMakeFiles/LED_lighting_exercise1.elf.dir/Drivers/STM32F4xx_HAL_Driver/Src/stm32f4xx_hal.c.obj
LOAD CMakeFiles/LED_lighting_exercise1.elf.dir/Drivers/STM32F4xx_HAL_Driver/Src/stm32f4xx_hal_cortex.c.obj
LOAD CMakeFiles/LED_lighting_exercise1.elf.dir/Drivers/STM32F4xx_HAL_Driver/Src/stm32f4xx_hal_dma.c.obj
LOAD CMakeFiles/LED_lighting_exercise1.elf.dir/Drivers/STM32F4xx_HAL_Driver/Src/stm32f4xx_hal_dma_ex.c.obj
LOAD CMakeFiles/LED_lighting_exercise1.elf.dir/Drivers/STM32F4xx_HAL_Driver/Src/stm32f4xx_hal_exti.c.obj
LOAD CMakeFiles/LED_lighting_exercise1.elf.dir/Drivers/STM32F4xx_HAL_Driver/Src/stm32f4xx_hal_flash.c.obj
LOAD CMakeFiles/LED_lighting_exercise1.elf.dir/Drivers/STM32F4xx_HAL_Driver/Src/stm32f4xx_hal_flash_ex.c.obj
LOAD CMakeFiles/LED_lighting_exercise1.elf.dir/Drivers/STM32F4xx_HAL_Driver/Src/stm32f4xx_hal_flash_ramfunc.c.obj
LOAD CMakeFiles/LED_lighting_exercise1.elf.dir/Drivers/STM32F4xx_HAL_Driver/Src/stm32f4xx_hal_gpio.c.obj
LOAD CMakeFiles/LED_lighting_exercise1.elf.dir/Drivers/STM32F4xx_HAL_Driver/Src/stm32f4xx_hal_pwr.c.obj
LOAD CMakeFiles/LED_lighting_exercise1.elf.dir/Drivers/STM32F4xx_HAL_Driver/Src/stm32f4xx_hal_pwr_ex.c.obj
LOAD CMakeFiles/LED_lighting_exercise1.elf.dir/Drivers/STM32F4xx_HAL_Driver/Src/stm32f4xx_hal_rcc.c.obj
LOAD CMakeFiles/LED_lighting_exercise1.elf.dir/Drivers/STM32F4xx_HAL_Driver/Src/stm32f4xx_hal_rcc_ex.c.obj
LOAD CMakeFiles/LED_lighting_exercise1.elf.dir/Drivers/STM32F4xx_HAL_Driver/Src/stm32f4xx_hal_tim.c.obj
LOAD CMakeFiles/LED_lighting_exercise1.elf.dir/Drivers/STM32F4xx_HAL_Driver/Src/stm32f4xx_hal_tim_ex.c.obj
LOAD /Applications/ArmGNUToolchain/13.3.rel1/arm-none-eabi/bin/../lib/gcc/arm-none-eabi/13.3.1/../../../../arm-none-eabi/lib/thumb/v7e-m/nofp/libstdc++.a
LOAD /Applications/ArmGNUToolchain/13.3.rel1/arm-none-eabi/bin/../lib/gcc/arm-none-eabi/13.3.1/../../../../arm-none-eabi/lib/thumb/v7e-m/nofp/libm.a
START GROUP
LOAD /Applications/ArmGNUToolchain/13.3.rel1/arm-none-eabi/bin/../lib/gcc/arm-none-eabi/13.3.1/thumb/v7e-m/nofp/libgcc.a
LOAD /Applications/ArmGNUToolchain/13.3.rel1/arm-none-eabi/bin/../lib/gcc/arm-none-eabi/13.3.1/../../../../arm-none-eabi/lib/thumb/v7e-m/nofp/libc.a
END GROUP
LOAD /Applications/ArmGNUToolchain/13.3.rel1/arm-none-eabi/bin/../lib/gcc/arm-none-eabi/13.3.1/thumb/v7e-m/nofp/crtend.o
LOAD /Applications/ArmGNUToolchain/13.3.rel1/arm-none-eabi/bin/../lib/gcc/arm-none-eabi/13.3.1/thumb/v7e-m/nofp/crtn.o
                0x20030000                        _estack = (ORIGIN (RAM) + LENGTH (RAM))
                0x00000200                        _Min_Heap_Size = 0x200
                0x00000400                        _Min_Stack_Size = 0x400

.isr_vector     0x08000000      0x1ac
                0x08000000                        . = ALIGN (0x4)
 *(.isr_vector)
 .isr_vector    0x08000000      0x1ac CMakeFiles/LED_lighting_exercise1.elf.dir/Core/Startup/startup_stm32f427iihx.s.obj
                0x08000000                g_pfnVectors
                0x080001ac                        . = ALIGN (0x4)

.text           0x080001ac     0x18dc
                0x080001ac                        . = ALIGN (0x4)
 *(.text)
 .text          0x080001ac       0x30 /Applications/ArmGNUToolchain/13.3.rel1/arm-none-eabi/bin/../lib/gcc/arm-none-eabi/13.3.1/thumb/v7e-m/nofp/libgcc.a(_aeabi_uldivmod.o)
                0x080001ac                __aeabi_uldivmod
 .text          0x080001dc        0x4 /Applications/ArmGNUToolchain/13.3.rel1/arm-none-eabi/bin/../lib/gcc/arm-none-eabi/13.3.1/thumb/v7e-m/nofp/libgcc.a(_dvmd_tls.o)
                0x080001dc                __aeabi_ldiv0
                0x080001dc                __aeabi_idiv0
 *(.text*)
 .text.deregister_tm_clones
                0x080001e0       0x1c /Applications/ArmGNUToolchain/13.3.rel1/arm-none-eabi/bin/../lib/gcc/arm-none-eabi/13.3.1/thumb/v7e-m/nofp/crtbegin.o
 .text.register_tm_clones
                0x080001fc       0x24 /Applications/ArmGNUToolchain/13.3.rel1/arm-none-eabi/bin/../lib/gcc/arm-none-eabi/13.3.1/thumb/v7e-m/nofp/crtbegin.o
 .text.__do_global_dtors_aux
                0x08000220       0x28 /Applications/ArmGNUToolchain/13.3.rel1/arm-none-eabi/bin/../lib/gcc/arm-none-eabi/13.3.1/thumb/v7e-m/nofp/crtbegin.o
 .text.frame_dummy
                0x08000248       0x24 /Applications/ArmGNUToolchain/13.3.rel1/arm-none-eabi/bin/../lib/gcc/arm-none-eabi/13.3.1/thumb/v7e-m/nofp/crtbegin.o
 .text.MX_GPIO_Init
                0x0800026c       0xb8 CMakeFiles/LED_lighting_exercise1.elf.dir/Core/Src/gpio.c.obj
                0x0800026c                MX_GPIO_Init
 .text.HAL_TIM_PeriodElapsedCallback
                0x08000324       0x20 CMakeFiles/LED_lighting_exercise1.elf.dir/Core/Src/main.c.obj
                0x08000324                HAL_TIM_PeriodElapsedCallback
 .text.Error_Handler
                0x08000344        0x4 CMakeFiles/LED_lighting_exercise1.elf.dir/Core/Src/main.c.obj
                0x08000344                Error_Handler
 .text.SystemClock_Config
                0x08000348       0xb4 CMakeFiles/LED_lighting_exercise1.elf.dir/Core/Src/main.c.obj
                0x08000348                SystemClock_Config
 .text.main     0x080003fc       0x2c CMakeFiles/LED_lighting_exercise1.elf.dir/Core/Src/main.c.obj
                0x080003fc                main
 .text.HAL_MspInit
                0x08000428       0x38 CMakeFiles/LED_lighting_exercise1.elf.dir/Core/Src/stm32f4xx_hal_msp.c.obj
                0x08000428                HAL_MspInit
 .text.NMI_Handler
                0x08000460        0x2 CMakeFiles/LED_lighting_exercise1.elf.dir/Core/Src/stm32f4xx_it.c.obj
                0x08000460                NMI_Handler
 .text.HardFault_Handler
                0x08000462        0x2 CMakeFiles/LED_lighting_exercise1.elf.dir/Core/Src/stm32f4xx_it.c.obj
                0x08000462                HardFault_Handler
 .text.MemManage_Handler
                0x08000464        0x2 CMakeFiles/LED_lighting_exercise1.elf.dir/Core/Src/stm32f4xx_it.c.obj
                0x08000464                MemManage_Handler
 .text.BusFault_Handler
                0x08000466        0x2 CMakeFiles/LED_lighting_exercise1.elf.dir/Core/Src/stm32f4xx_it.c.obj
                0x08000466                BusFault_Handler
 .text.UsageFault_Handler
                0x08000468        0x2 CMakeFiles/LED_lighting_exercise1.elf.dir/Core/Src/stm32f4xx_it.c.obj
                0x08000468                UsageFault_Handler
 .text.SVC_Handler
                0x0800046a        0x2 CMakeFiles/LED_lighting_exercise1.elf.dir/Core/Src/stm32f4xx_it.c.obj
                0x0800046a                SVC_Handler
 .text.DebugMon_Handler
                0x0800046c        0x2 CMakeFiles/LED_lighting_exercise1.elf.dir/Core/Src/stm32f4xx_it.c.obj
                0x0800046c                DebugMon_Handler
 .text.PendSV_Handler
                0x0800046e        0x2 CMakeFiles/LED_lighting_exercise1.elf.dir/Core/Src/stm32f4xx_it.c.obj
                0x0800046e                PendSV_Handler
 .text.SysTick_Handler
                0x08000470        0x8 CMakeFiles/LED_lighting_exercise1.elf.dir/Core/Src/stm32f4xx_it.c.obj
                0x08000470                SysTick_Handler
 .text.TIM1_BRK_TIM9_IRQHandler
                0x08000478       0x10 CMakeFiles/LED_lighting_exercise1.elf.dir/Core/Src/stm32f4xx_it.c.obj
                0x08000478                TIM1_BRK_TIM9_IRQHandler
 .text.TIM1_UP_TIM10_IRQHandler
                0x08000488       0x10 CMakeFiles/LED_lighting_exercise1.elf.dir/Core/Src/stm32f4xx_it.c.obj
                0x08000488                TIM1_UP_TIM10_IRQHandler
 .text.TIM1_TRG_COM_TIM11_IRQHandler
                0x08000498       0x10 CMakeFiles/LED_lighting_exercise1.elf.dir/Core/Src/stm32f4xx_it.c.obj
                0x08000498                TIM1_TRG_COM_TIM11_IRQHandler
 .text.TIM1_CC_IRQHandler
                0x080004a8       0x10 CMakeFiles/LED_lighting_exercise1.elf.dir/Core/Src/stm32f4xx_it.c.obj
                0x080004a8                TIM1_CC_IRQHandler
 .text.TIM6_DAC_IRQHandler
                0x080004b8       0x10 CMakeFiles/LED_lighting_exercise1.elf.dir/Core/Src/stm32f4xx_it.c.obj
                0x080004b8                TIM6_DAC_IRQHandler
 .text.SystemInit
                0x080004c8        0x2 CMakeFiles/LED_lighting_exercise1.elf.dir/Core/Src/system_stm32f4xx.c.obj
                0x080004c8                SystemInit
 *fill*         0x080004ca        0x2 
 .text.MX_TIM1_Init
                0x080004cc       0x74 CMakeFiles/LED_lighting_exercise1.elf.dir/Core/Src/tim.c.obj
                0x080004cc                MX_TIM1_Init
 .text.MX_TIM6_Init
                0x08000540       0x50 CMakeFiles/LED_lighting_exercise1.elf.dir/Core/Src/tim.c.obj
                0x08000540                MX_TIM6_Init
 .text.HAL_TIM_Base_MspInit
                0x08000590       0xa4 CMakeFiles/LED_lighting_exercise1.elf.dir/Core/Src/tim.c.obj
                0x08000590                HAL_TIM_Base_MspInit
 .text.Reset_Handler
                0x08000634       0x50 CMakeFiles/LED_lighting_exercise1.elf.dir/Core/Startup/startup_stm32f427iihx.s.obj
                0x08000634                Reset_Handler
 .text.Default_Handler
                0x08000684        0x2 CMakeFiles/LED_lighting_exercise1.elf.dir/Core/Startup/startup_stm32f427iihx.s.obj
                0x08000684                DMA1_Stream3_IRQHandler
                0x08000684                HASH_RNG_IRQHandler
                0x08000684                EXTI2_IRQHandler
                0x08000684                TIM8_CC_IRQHandler
                0x08000684                UART8_IRQHandler
                0x08000684                SPI4_IRQHandler
                0x08000684                DMA2_Stream5_IRQHandler
                0x08000684                DMA1_Stream5_IRQHandler
                0x08000684                PVD_IRQHandler
                0x08000684                SDIO_IRQHandler
                0x08000684                TAMP_STAMP_IRQHandler
                0x08000684                CAN2_RX1_IRQHandler
                0x08000684                EXTI3_IRQHandler
                0x08000684                TIM8_TRG_COM_TIM14_IRQHandler
                0x08000684                TIM8_UP_TIM13_IRQHandler
                0x08000684                I2C3_ER_IRQHandler
                0x08000684                EXTI0_IRQHandler
                0x08000684                I2C2_EV_IRQHandler
                0x08000684                DMA1_Stream2_IRQHandler
                0x08000684                CAN1_RX0_IRQHandler
                0x08000684                FPU_IRQHandler
                0x08000684                OTG_HS_WKUP_IRQHandler
                0x08000684                CAN2_SCE_IRQHandler
                0x08000684                DMA2_Stream2_IRQHandler
                0x08000684                SPI1_IRQHandler
                0x08000684                DCMI_IRQHandler
                0x08000684                CAN2_RX0_IRQHandler
                0x08000684                DMA2_Stream3_IRQHandler
                0x08000684                USART6_IRQHandler
                0x08000684                USART3_IRQHandler
                0x08000684                CAN1_RX1_IRQHandler
                0x08000684                UART5_IRQHandler
                0x08000684                DMA2_Stream0_IRQHandler
                0x08000684                TIM4_IRQHandler
                0x08000684                I2C1_EV_IRQHandler
                0x08000684                DMA1_Stream6_IRQHandler
                0x08000684                DMA1_Stream1_IRQHandler
                0x08000684                UART4_IRQHandler
                0x08000684                TIM3_IRQHandler
                0x08000684                RCC_IRQHandler
                0x08000684                TIM8_BRK_TIM12_IRQHandler
                0x08000684                Default_Handler
                0x08000684                EXTI15_10_IRQHandler
                0x08000684                ADC_IRQHandler
                0x08000684                DMA1_Stream7_IRQHandler
                0x08000684                SPI5_IRQHandler
                0x08000684                TIM7_IRQHandler
                0x08000684                CAN2_TX_IRQHandler
                0x08000684                TIM5_IRQHandler
                0x08000684                DMA2_Stream7_IRQHandler
                0x08000684                I2C3_EV_IRQHandler
                0x08000684                EXTI9_5_IRQHandler
                0x08000684                RTC_WKUP_IRQHandler
                0x08000684                ETH_WKUP_IRQHandler
                0x08000684                SPI2_IRQHandler
                0x08000684                OTG_HS_EP1_IN_IRQHandler
                0x08000684                DMA1_Stream0_IRQHandler
                0x08000684                CAN1_TX_IRQHandler
                0x08000684                EXTI4_IRQHandler
                0x08000684                ETH_IRQHandler
                0x08000684                OTG_HS_EP1_OUT_IRQHandler
                0x08000684                WWDG_IRQHandler
                0x08000684                SPI6_IRQHandler
                0x08000684                TIM2_IRQHandler
                0x08000684                OTG_FS_WKUP_IRQHandler
                0x08000684                OTG_HS_IRQHandler
                0x08000684                DMA2D_IRQHandler
                0x08000684                EXTI1_IRQHandler
                0x08000684                UART7_IRQHandler
                0x08000684                USART2_IRQHandler
                0x08000684                I2C2_ER_IRQHandler
                0x08000684                DMA2_Stream1_IRQHandler
                0x08000684                CAN1_SCE_IRQHandler
                0x08000684                FLASH_IRQHandler
                0x08000684                DMA2_Stream4_IRQHandler
                0x08000684                USART1_IRQHandler
                0x08000684                OTG_FS_IRQHandler
                0x08000684                SPI3_IRQHandler
                0x08000684                DMA1_Stream4_IRQHandler
                0x08000684                I2C1_ER_IRQHandler
                0x08000684                FMC_IRQHandler
                0x08000684                DMA2_Stream6_IRQHandler
                0x08000684                SAI1_IRQHandler
                0x08000684                RTC_Alarm_IRQHandler
 *fill*         0x08000686        0x2 
 .text.HAL_InitTick
                0x08000688       0x4c CMakeFiles/LED_lighting_exercise1.elf.dir/Drivers/STM32F4xx_HAL_Driver/Src/stm32f4xx_hal.c.obj
                0x08000688                HAL_InitTick
 .text.HAL_Init
                0x080006d4       0x34 CMakeFiles/LED_lighting_exercise1.elf.dir/Drivers/STM32F4xx_HAL_Driver/Src/stm32f4xx_hal.c.obj
                0x080006d4                HAL_Init
 .text.HAL_IncTick
                0x08000708       0x18 CMakeFiles/LED_lighting_exercise1.elf.dir/Drivers/STM32F4xx_HAL_Driver/Src/stm32f4xx_hal.c.obj
                0x08000708                HAL_IncTick
 .text.HAL_GetTick
                0x08000720        0xc CMakeFiles/LED_lighting_exercise1.elf.dir/Drivers/STM32F4xx_HAL_Driver/Src/stm32f4xx_hal.c.obj
                0x08000720                HAL_GetTick
 .text.__NVIC_EnableIRQ
                0x0800072c       0x1c CMakeFiles/LED_lighting_exercise1.elf.dir/Drivers/STM32F4xx_HAL_Driver/Src/stm32f4xx_hal_cortex.c.obj
 .text.__NVIC_SetPriority
                0x08000748       0x28 CMakeFiles/LED_lighting_exercise1.elf.dir/Drivers/STM32F4xx_HAL_Driver/Src/stm32f4xx_hal_cortex.c.obj
 .text.NVIC_EncodePriority
                0x08000770       0x3e CMakeFiles/LED_lighting_exercise1.elf.dir/Drivers/STM32F4xx_HAL_Driver/Src/stm32f4xx_hal_cortex.c.obj
 *fill*         0x080007ae        0x2 
 .text.HAL_NVIC_SetPriorityGrouping
                0x080007b0       0x24 CMakeFiles/LED_lighting_exercise1.elf.dir/Drivers/STM32F4xx_HAL_Driver/Src/stm32f4xx_hal_cortex.c.obj
                0x080007b0                HAL_NVIC_SetPriorityGrouping
 .text.HAL_NVIC_SetPriority
                0x080007d4       0x20 CMakeFiles/LED_lighting_exercise1.elf.dir/Drivers/STM32F4xx_HAL_Driver/Src/stm32f4xx_hal_cortex.c.obj
                0x080007d4                HAL_NVIC_SetPriority
 .text.HAL_NVIC_EnableIRQ
                0x080007f4        0x8 CMakeFiles/LED_lighting_exercise1.elf.dir/Drivers/STM32F4xx_HAL_Driver/Src/stm32f4xx_hal_cortex.c.obj
                0x080007f4                HAL_NVIC_EnableIRQ
 .text.HAL_SYSTICK_Config
                0x080007fc       0x28 CMakeFiles/LED_lighting_exercise1.elf.dir/Drivers/STM32F4xx_HAL_Driver/Src/stm32f4xx_hal_cortex.c.obj
                0x080007fc                HAL_SYSTICK_Config
 .text.HAL_GPIO_Init
                0x08000824      0x20c CMakeFiles/LED_lighting_exercise1.elf.dir/Drivers/STM32F4xx_HAL_Driver/Src/stm32f4xx_hal_gpio.c.obj
                0x08000824                HAL_GPIO_Init
 .text.HAL_GPIO_WritePin
                0x08000a30        0xc CMakeFiles/LED_lighting_exercise1.elf.dir/Drivers/STM32F4xx_HAL_Driver/Src/stm32f4xx_hal_gpio.c.obj
                0x08000a30                HAL_GPIO_WritePin
 .text.HAL_GPIO_TogglePin
                0x08000a3c       0x12 CMakeFiles/LED_lighting_exercise1.elf.dir/Drivers/STM32F4xx_HAL_Driver/Src/stm32f4xx_hal_gpio.c.obj
                0x08000a3c                HAL_GPIO_TogglePin
 *fill*         0x08000a4e        0x2 
 .text.HAL_PWREx_EnableOverDrive
                0x08000a50       0x7c CMakeFiles/LED_lighting_exercise1.elf.dir/Drivers/STM32F4xx_HAL_Driver/Src/stm32f4xx_hal_pwr_ex.c.obj
                0x08000a50                HAL_PWREx_EnableOverDrive
 .text.HAL_RCC_OscConfig
                0x08000acc      0x3f8 CMakeFiles/LED_lighting_exercise1.elf.dir/Drivers/STM32F4xx_HAL_Driver/Src/stm32f4xx_hal_rcc.c.obj
                0x08000acc                HAL_RCC_OscConfig
 .text.HAL_RCC_GetSysClockFreq
                0x08000ec4       0xa8 CMakeFiles/LED_lighting_exercise1.elf.dir/Drivers/STM32F4xx_HAL_Driver/Src/stm32f4xx_hal_rcc.c.obj
                0x08000ec4                HAL_RCC_GetSysClockFreq
 .text.HAL_RCC_ClockConfig
                0x08000f6c      0x160 CMakeFiles/LED_lighting_exercise1.elf.dir/Drivers/STM32F4xx_HAL_Driver/Src/stm32f4xx_hal_rcc.c.obj
                0x08000f6c                HAL_RCC_ClockConfig
 .text.TIM_TI1_ConfigInputStage
                0x080010cc       0x24 CMakeFiles/LED_lighting_exercise1.elf.dir/Drivers/STM32F4xx_HAL_Driver/Src/stm32f4xx_hal_tim.c.obj
 .text.TIM_TI2_ConfigInputStage
                0x080010f0       0x26 CMakeFiles/LED_lighting_exercise1.elf.dir/Drivers/STM32F4xx_HAL_Driver/Src/stm32f4xx_hal_tim.c.obj
 .text.TIM_ITRx_SetConfig
                0x08001116       0x10 CMakeFiles/LED_lighting_exercise1.elf.dir/Drivers/STM32F4xx_HAL_Driver/Src/stm32f4xx_hal_tim.c.obj
 *fill*         0x08001126        0x2 
 .text.HAL_TIM_Base_Start_IT
                0x08001128       0x88 CMakeFiles/LED_lighting_exercise1.elf.dir/Drivers/STM32F4xx_HAL_Driver/Src/stm32f4xx_hal_tim.c.obj
                0x08001128                HAL_TIM_Base_Start_IT
 .text.HAL_TIM_OC_DelayElapsedCallback
                0x080011b0        0x2 CMakeFiles/LED_lighting_exercise1.elf.dir/Drivers/STM32F4xx_HAL_Driver/Src/stm32f4xx_hal_tim.c.obj
                0x080011b0                HAL_TIM_OC_DelayElapsedCallback
 .text.HAL_TIM_IC_CaptureCallback
                0x080011b2        0x2 CMakeFiles/LED_lighting_exercise1.elf.dir/Drivers/STM32F4xx_HAL_Driver/Src/stm32f4xx_hal_tim.c.obj
                0x080011b2                HAL_TIM_IC_CaptureCallback
 .text.HAL_TIM_PWM_PulseFinishedCallback
                0x080011b4        0x2 CMakeFiles/LED_lighting_exercise1.elf.dir/Drivers/STM32F4xx_HAL_Driver/Src/stm32f4xx_hal_tim.c.obj
                0x080011b4                HAL_TIM_PWM_PulseFinishedCallback
 .text.HAL_TIM_TriggerCallback
                0x080011b6        0x2 CMakeFiles/LED_lighting_exercise1.elf.dir/Drivers/STM32F4xx_HAL_Driver/Src/stm32f4xx_hal_tim.c.obj
                0x080011b6                HAL_TIM_TriggerCallback
 .text.HAL_TIM_IRQHandler
                0x080011b8      0x15e CMakeFiles/LED_lighting_exercise1.elf.dir/Drivers/STM32F4xx_HAL_Driver/Src/stm32f4xx_hal_tim.c.obj
                0x080011b8                HAL_TIM_IRQHandler
 *fill*         0x08001316        0x2 
 .text.TIM_Base_SetConfig
                0x08001318       0xd8 CMakeFiles/LED_lighting_exercise1.elf.dir/Drivers/STM32F4xx_HAL_Driver/Src/stm32f4xx_hal_tim.c.obj
                0x08001318                TIM_Base_SetConfig
 .text.HAL_TIM_Base_Init
                0x080013f0       0x58 CMakeFiles/LED_lighting_exercise1.elf.dir/Drivers/STM32F4xx_HAL_Driver/Src/stm32f4xx_hal_tim.c.obj
                0x080013f0                HAL_TIM_Base_Init
 .text.TIM_ETR_SetConfig
                0x08001448       0x18 CMakeFiles/LED_lighting_exercise1.elf.dir/Drivers/STM32F4xx_HAL_Driver/Src/stm32f4xx_hal_tim.c.obj
                0x08001448                TIM_ETR_SetConfig
 .text.HAL_TIM_ConfigClockSource
                0x08001460       0xfe CMakeFiles/LED_lighting_exercise1.elf.dir/Drivers/STM32F4xx_HAL_Driver/Src/stm32f4xx_hal_tim.c.obj
                0x08001460                HAL_TIM_ConfigClockSource
 *fill*         0x0800155e        0x2 
 .text.HAL_TIMEx_MasterConfigSynchronization
                0x08001560       0x8c CMakeFiles/LED_lighting_exercise1.elf.dir/Drivers/STM32F4xx_HAL_Driver/Src/stm32f4xx_hal_tim_ex.c.obj
                0x08001560                HAL_TIMEx_MasterConfigSynchronization
 .text.HAL_TIMEx_CommutCallback
                0x080015ec        0x2 CMakeFiles/LED_lighting_exercise1.elf.dir/Drivers/STM32F4xx_HAL_Driver/Src/stm32f4xx_hal_tim_ex.c.obj
                0x080015ec                HAL_TIMEx_CommutCallback
 .text.HAL_TIMEx_BreakCallback
                0x080015ee        0x2 CMakeFiles/LED_lighting_exercise1.elf.dir/Drivers/STM32F4xx_HAL_Driver/Src/stm32f4xx_hal_tim_ex.c.obj
                0x080015ee                HAL_TIMEx_BreakCallback
 .text.__udivmoddi4
                0x080015f0      0x2bc /Applications/ArmGNUToolchain/13.3.rel1/arm-none-eabi/bin/../lib/gcc/arm-none-eabi/13.3.1/thumb/v7e-m/nofp/libgcc.a(_udivmoddi4.o)
                0x080015f0                __udivmoddi4
 .text.memset   0x080018ac       0xa4 /Applications/ArmGNUToolchain/13.3.rel1/arm-none-eabi/bin/../lib/gcc/arm-none-eabi/13.3.1/../../../../arm-none-eabi/lib/thumb/v7e-m/nofp/libc.a(libc_a-memset.o)
                0x080018ac                memset
 .text.__libc_init_array
                0x08001950       0x50 /Applications/ArmGNUToolchain/13.3.rel1/arm-none-eabi/bin/../lib/gcc/arm-none-eabi/13.3.1/../../../../arm-none-eabi/lib/thumb/v7e-m/nofp/libc.a(libc_a-init.o)
                0x08001950                __libc_init_array
 .text.__retarget_lock_acquire_recursive
                0x080019a0        0x4 /Applications/ArmGNUToolchain/13.3.rel1/arm-none-eabi/bin/../lib/gcc/arm-none-eabi/13.3.1/../../../../arm-none-eabi/lib/thumb/v7e-m/nofp/libc.a(libc_a-lock.o)
                0x080019a0                __retarget_lock_acquire_recursive
 .text.__retarget_lock_release_recursive
                0x080019a4        0x4 /Applications/ArmGNUToolchain/13.3.rel1/arm-none-eabi/bin/../lib/gcc/arm-none-eabi/13.3.1/../../../../arm-none-eabi/lib/thumb/v7e-m/nofp/libc.a(libc_a-lock.o)
                0x080019a4                __retarget_lock_release_recursive
 .text.startup.register_fini
                0x080019a8       0x14 /Applications/ArmGNUToolchain/13.3.rel1/arm-none-eabi/bin/../lib/gcc/arm-none-eabi/13.3.1/../../../../arm-none-eabi/lib/thumb/v7e-m/nofp/libc.a(libc_a-__call_atexit.o)
 .text.atexit   0x080019bc        0xc /Applications/ArmGNUToolchain/13.3.rel1/arm-none-eabi/bin/../lib/gcc/arm-none-eabi/13.3.1/../../../../arm-none-eabi/lib/thumb/v7e-m/nofp/libc.a(libc_a-atexit.o)
                0x080019bc                atexit
 .text.__libc_fini_array
                0x080019c8       0x28 /Applications/ArmGNUToolchain/13.3.rel1/arm-none-eabi/bin/../lib/gcc/arm-none-eabi/13.3.1/../../../../arm-none-eabi/lib/thumb/v7e-m/nofp/libc.a(libc_a-fini.o)
                0x080019c8                __libc_fini_array
 .text.__register_exitproc
                0x080019f0       0x80 /Applications/ArmGNUToolchain/13.3.rel1/arm-none-eabi/bin/../lib/gcc/arm-none-eabi/13.3.1/../../../../arm-none-eabi/lib/thumb/v7e-m/nofp/libc.a(libc_a-__atexit.o)
                0x080019f0                __register_exitproc
 *(.glue_7)
 .glue_7        0x08001a70        0x0 linker stubs
 *(.glue_7t)
 .glue_7t       0x08001a70        0x0 linker stubs
 *(.eh_frame)
 .eh_frame      0x08001a70        0x0 /Applications/ArmGNUToolchain/13.3.rel1/arm-none-eabi/bin/../lib/gcc/arm-none-eabi/13.3.1/thumb/v7e-m/nofp/crtbegin.o
 *(.init)
 .init          0x08001a70        0x4 /Applications/ArmGNUToolchain/13.3.rel1/arm-none-eabi/bin/../lib/gcc/arm-none-eabi/13.3.1/thumb/v7e-m/nofp/crti.o
                0x08001a70                _init
 .init          0x08001a74        0x8 /Applications/ArmGNUToolchain/13.3.rel1/arm-none-eabi/bin/../lib/gcc/arm-none-eabi/13.3.1/thumb/v7e-m/nofp/crtn.o
 *(.fini)
 .fini          0x08001a7c        0x4 /Applications/ArmGNUToolchain/13.3.rel1/arm-none-eabi/bin/../lib/gcc/arm-none-eabi/13.3.1/thumb/v7e-m/nofp/crti.o
                0x08001a7c                _fini
 .fini          0x08001a80        0x8 /Applications/ArmGNUToolchain/13.3.rel1/arm-none-eabi/bin/../lib/gcc/arm-none-eabi/13.3.1/thumb/v7e-m/nofp/crtn.o
                0x08001a88                        . = ALIGN (0x4)
                0x08001a88                        _etext = .

.vfp11_veneer   0x08001a88        0x0
 .vfp11_veneer  0x08001a88        0x0 linker stubs

.v4_bx          0x08001a88        0x0
 .v4_bx         0x08001a88        0x0 linker stubs

.iplt           0x08001a88        0x0
 .iplt          0x08001a88        0x0 /Applications/ArmGNUToolchain/13.3.rel1/arm-none-eabi/bin/../lib/gcc/arm-none-eabi/13.3.1/thumb/v7e-m/nofp/crtbegin.o

.rodata         0x08001a88       0x10
                0x08001a88                        . = ALIGN (0x4)
 *(.rodata)
 *(.rodata*)
 .rodata.AHBPrescTable
                0x08001a88       0x10 CMakeFiles/LED_lighting_exercise1.elf.dir/Core/Src/system_stm32f4xx.c.obj
                0x08001a88                AHBPrescTable
                0x08001a98                        . = ALIGN (0x4)

.ARM.extab
 *(.ARM.extab* .gnu.linkonce.armextab.*)

.ARM            0x08001a98        0x8
                0x08001a98                        __exidx_start = .
 *(.ARM.exidx*)
 .ARM.exidx.text.__udivmoddi4
                0x08001a98        0x8 /Applications/ArmGNUToolchain/13.3.rel1/arm-none-eabi/bin/../lib/gcc/arm-none-eabi/13.3.1/thumb/v7e-m/nofp/libgcc.a(_udivmoddi4.o)
                0x08001aa0                        __exidx_end = .

.rel.dyn        0x08001aa0        0x0
 .rel.iplt      0x08001aa0        0x0 /Applications/ArmGNUToolchain/13.3.rel1/arm-none-eabi/bin/../lib/gcc/arm-none-eabi/13.3.1/thumb/v7e-m/nofp/crtbegin.o

.preinit_array  0x08001aa0        0x0
                0x08001aa0                        PROVIDE (__preinit_array_start = .)
 *(.preinit_array*)
                0x08001aa0                        PROVIDE (__preinit_array_end = .)

.init_array     0x08001aa0        0x8
                0x08001aa0                        PROVIDE (__init_array_start = .)
 *(SORT_BY_NAME(.init_array.*))
 .init_array.00000
                0x08001aa0        0x4 /Applications/ArmGNUToolchain/13.3.rel1/arm-none-eabi/bin/../lib/gcc/arm-none-eabi/13.3.1/../../../../arm-none-eabi/lib/thumb/v7e-m/nofp/libc.a(libc_a-__call_atexit.o)
 *(.init_array*)
 .init_array    0x08001aa4        0x4 /Applications/ArmGNUToolchain/13.3.rel1/arm-none-eabi/bin/../lib/gcc/arm-none-eabi/13.3.1/thumb/v7e-m/nofp/crtbegin.o
                0x08001aa8                        PROVIDE (__init_array_end = .)

.fini_array     0x08001aa8        0x4
                0x08001aa8                        PROVIDE (__fini_array_start = .)
 *(SORT_BY_NAME(.fini_array.*))
 *(.fini_array*)
 .fini_array    0x08001aa8        0x4 /Applications/ArmGNUToolchain/13.3.rel1/arm-none-eabi/bin/../lib/gcc/arm-none-eabi/13.3.1/thumb/v7e-m/nofp/crtbegin.o
                0x08001aac                        PROVIDE (__fini_array_end = .)
                0x08001aac                        _sidata = LOADADDR (.data)

.data           0x20000000       0x10 load address 0x08001aac
                0x20000000                        . = ALIGN (0x4)
                0x20000000                        _sdata = .
 *(.data)
 *(.data*)
 .data.SystemCoreClock
                0x20000000        0x4 CMakeFiles/LED_lighting_exercise1.elf.dir/Core/Src/system_stm32f4xx.c.obj
                0x20000000                SystemCoreClock
 .data.uwTickFreq
                0x20000004        0x1 CMakeFiles/LED_lighting_exercise1.elf.dir/Drivers/STM32F4xx_HAL_Driver/Src/stm32f4xx_hal.c.obj
                0x20000004                uwTickFreq
 *fill*         0x20000005        0x3 
 .data.uwTickPrio
                0x20000008        0x4 CMakeFiles/LED_lighting_exercise1.elf.dir/Drivers/STM32F4xx_HAL_Driver/Src/stm32f4xx_hal.c.obj
                0x20000008                uwTickPrio
 .data.__atexit_recursive_mutex
                0x2000000c        0x4 /Applications/ArmGNUToolchain/13.3.rel1/arm-none-eabi/bin/../lib/gcc/arm-none-eabi/13.3.1/../../../../arm-none-eabi/lib/thumb/v7e-m/nofp/libc.a(libc_a-__call_atexit.o)
                0x2000000c                __atexit_recursive_mutex
                0x20000010                        . = ALIGN (0x4)
                0x20000010                        _edata = .
                0x08001abc                        _siccmram = LOADADDR (.ccmram)

.tm_clone_table
                0x20000010        0x0 load address 0x08001abc
 .tm_clone_table
                0x20000010        0x0 /Applications/ArmGNUToolchain/13.3.rel1/arm-none-eabi/bin/../lib/gcc/arm-none-eabi/13.3.1/thumb/v7e-m/nofp/crtbegin.o
 .tm_clone_table
                0x20000010        0x0 /Applications/ArmGNUToolchain/13.3.rel1/arm-none-eabi/bin/../lib/gcc/arm-none-eabi/13.3.1/thumb/v7e-m/nofp/crtend.o

.igot.plt       0x20000010        0x0 load address 0x08001abc
 .igot.plt      0x20000010        0x0 /Applications/ArmGNUToolchain/13.3.rel1/arm-none-eabi/bin/../lib/gcc/arm-none-eabi/13.3.1/thumb/v7e-m/nofp/crtbegin.o

.ccmram         0x10000000        0x0 load address 0x08001abc
                0x10000000                        . = ALIGN (0x4)
                0x10000000                        _sccmram = .
 *(.ccmram)
 *(.ccmram*)
                0x10000000                        . = ALIGN (0x4)
                0x10000000                        _eccmram = .
                0x10000000                        . = ALIGN (0x4)

.bss            0x20000010      0x248
                0x20000010                        _sbss = .
                0x20000010                        __bss_start__ = _sbss
 *(.bss)
 *(.bss*)
 .bss.completed.1
                0x20000010        0x1 /Applications/ArmGNUToolchain/13.3.rel1/arm-none-eabi/bin/../lib/gcc/arm-none-eabi/13.3.1/thumb/v7e-m/nofp/crtbegin.o
 *fill*         0x20000011        0x3 
 .bss.object.0  0x20000014       0x18 /Applications/ArmGNUToolchain/13.3.rel1/arm-none-eabi/bin/../lib/gcc/arm-none-eabi/13.3.1/thumb/v7e-m/nofp/crtbegin.o
 .bss.htim6     0x2000002c       0x48 CMakeFiles/LED_lighting_exercise1.elf.dir/Core/Src/tim.c.obj
                0x2000002c                htim6
 .bss.htim1     0x20000074       0x48 CMakeFiles/LED_lighting_exercise1.elf.dir/Core/Src/tim.c.obj
                0x20000074                htim1
 .bss.uwTick    0x200000bc        0x4 CMakeFiles/LED_lighting_exercise1.elf.dir/Drivers/STM32F4xx_HAL_Driver/Src/stm32f4xx_hal.c.obj
                0x200000bc                uwTick
 .bss.__lock___atexit_recursive_mutex
                0x200000c0        0x1 /Applications/ArmGNUToolchain/13.3.rel1/arm-none-eabi/bin/../lib/gcc/arm-none-eabi/13.3.1/../../../../arm-none-eabi/lib/thumb/v7e-m/nofp/libc.a(libc_a-lock.o)
                0x200000c0                __lock___atexit_recursive_mutex
 *fill*         0x200000c1        0x3 
 .bss.__atexit  0x200000c4        0x4 /Applications/ArmGNUToolchain/13.3.rel1/arm-none-eabi/bin/../lib/gcc/arm-none-eabi/13.3.1/../../../../arm-none-eabi/lib/thumb/v7e-m/nofp/libc.a(libc_a-__call_atexit.o)
                0x200000c4                __atexit
 .bss.__atexit0
                0x200000c8      0x190 /Applications/ArmGNUToolchain/13.3.rel1/arm-none-eabi/bin/../lib/gcc/arm-none-eabi/13.3.1/../../../../arm-none-eabi/lib/thumb/v7e-m/nofp/libc.a(libc_a-__atexit.o)
                0x200000c8                __atexit0
 *(COMMON)
                0x20000258                        . = ALIGN (0x4)
                0x20000258                        _ebss = .
                0x20000258                        __bss_end__ = _ebss

._user_heap_stack
                0x20000258      0x600
                0x20000258                        . = ALIGN (0x8)
                [!provide]                        PROVIDE (end = .)
                0x20000258                        PROVIDE (_end = .)
                0x20000458                        . = (. + _Min_Heap_Size)
 *fill*         0x20000258      0x200 
                0x20000858                        . = (. + _Min_Stack_Size)
 *fill*         0x20000458      0x400 
                0x20000858                        . = ALIGN (0x8)

/DISCARD/
 libc.a(*)
 libm.a(*)
 libgcc.a(*)

.ARM.attributes
                0x00000000       0x2a
 *(.ARM.attributes)
 .ARM.attributes
                0x00000000       0x1e /Applications/ArmGNUToolchain/13.3.rel1/arm-none-eabi/bin/../lib/gcc/arm-none-eabi/13.3.1/thumb/v7e-m/nofp/crti.o
 .ARM.attributes
                0x0000001e       0x2e /Applications/ArmGNUToolchain/13.3.rel1/arm-none-eabi/bin/../lib/gcc/arm-none-eabi/13.3.1/thumb/v7e-m/nofp/crtbegin.o
 .ARM.attributes
                0x0000004c       0x2e CMakeFiles/LED_lighting_exercise1.elf.dir/Core/Src/gpio.c.obj
 .ARM.attributes
                0x0000007a       0x2e CMakeFiles/LED_lighting_exercise1.elf.dir/Core/Src/main.c.obj
 .ARM.attributes
                0x000000a8       0x2e CMakeFiles/LED_lighting_exercise1.elf.dir/Core/Src/stm32f4xx_hal_msp.c.obj
 .ARM.attributes
                0x000000d6       0x2e CMakeFiles/LED_lighting_exercise1.elf.dir/Core/Src/stm32f4xx_it.c.obj
 .ARM.attributes
                0x00000104       0x2e CMakeFiles/LED_lighting_exercise1.elf.dir/Core/Src/system_stm32f4xx.c.obj
 .ARM.attributes
                0x00000132       0x2e CMakeFiles/LED_lighting_exercise1.elf.dir/Core/Src/tim.c.obj
 .ARM.attributes
                0x00000160       0x21 CMakeFiles/LED_lighting_exercise1.elf.dir/Core/Startup/startup_stm32f427iihx.s.obj
 .ARM.attributes
                0x00000181       0x2e CMakeFiles/LED_lighting_exercise1.elf.dir/Drivers/STM32F4xx_HAL_Driver/Src/stm32f4xx_hal.c.obj
 .ARM.attributes
                0x000001af       0x2e CMakeFiles/LED_lighting_exercise1.elf.dir/Drivers/STM32F4xx_HAL_Driver/Src/stm32f4xx_hal_cortex.c.obj
 .ARM.attributes
                0x000001dd       0x2e CMakeFiles/LED_lighting_exercise1.elf.dir/Drivers/STM32F4xx_HAL_Driver/Src/stm32f4xx_hal_gpio.c.obj
 .ARM.attributes
                0x0000020b       0x2e CMakeFiles/LED_lighting_exercise1.elf.dir/Drivers/STM32F4xx_HAL_Driver/Src/stm32f4xx_hal_pwr_ex.c.obj
 .ARM.attributes
                0x00000239       0x2e CMakeFiles/LED_lighting_exercise1.elf.dir/Drivers/STM32F4xx_HAL_Driver/Src/stm32f4xx_hal_rcc.c.obj
 .ARM.attributes
                0x00000267       0x2e CMakeFiles/LED_lighting_exercise1.elf.dir/Drivers/STM32F4xx_HAL_Driver/Src/stm32f4xx_hal_tim.c.obj
 .ARM.attributes
                0x00000295       0x2e CMakeFiles/LED_lighting_exercise1.elf.dir/Drivers/STM32F4xx_HAL_Driver/Src/stm32f4xx_hal_tim_ex.c.obj
 .ARM.attributes
                0x000002c3       0x1e /Applications/ArmGNUToolchain/13.3.rel1/arm-none-eabi/bin/../lib/gcc/arm-none-eabi/13.3.1/thumb/v7e-m/nofp/libgcc.a(_aeabi_uldivmod.o)
 .ARM.attributes
                0x000002e1       0x2e /Applications/ArmGNUToolchain/13.3.rel1/arm-none-eabi/bin/../lib/gcc/arm-none-eabi/13.3.1/thumb/v7e-m/nofp/libgcc.a(_udivmoddi4.o)
 .ARM.attributes
                0x0000030f       0x1e /Applications/ArmGNUToolchain/13.3.rel1/arm-none-eabi/bin/../lib/gcc/arm-none-eabi/13.3.1/thumb/v7e-m/nofp/libgcc.a(_dvmd_tls.o)
 .ARM.attributes
                0x0000032d       0x2e /Applications/ArmGNUToolchain/13.3.rel1/arm-none-eabi/bin/../lib/gcc/arm-none-eabi/13.3.1/../../../../arm-none-eabi/lib/thumb/v7e-m/nofp/libc.a(libc_a-memset.o)
 .ARM.attributes
                0x0000035b       0x2e /Applications/ArmGNUToolchain/13.3.rel1/arm-none-eabi/bin/../lib/gcc/arm-none-eabi/13.3.1/../../../../arm-none-eabi/lib/thumb/v7e-m/nofp/libc.a(libc_a-init.o)
 .ARM.attributes
                0x00000389       0x2e /Applications/ArmGNUToolchain/13.3.rel1/arm-none-eabi/bin/../lib/gcc/arm-none-eabi/13.3.1/../../../../arm-none-eabi/lib/thumb/v7e-m/nofp/libc.a(libc_a-lock.o)
 .ARM.attributes
                0x000003b7       0x2e /Applications/ArmGNUToolchain/13.3.rel1/arm-none-eabi/bin/../lib/gcc/arm-none-eabi/13.3.1/../../../../arm-none-eabi/lib/thumb/v7e-m/nofp/libc.a(libc_a-__call_atexit.o)
 .ARM.attributes
                0x000003e5       0x2e /Applications/ArmGNUToolchain/13.3.rel1/arm-none-eabi/bin/../lib/gcc/arm-none-eabi/13.3.1/../../../../arm-none-eabi/lib/thumb/v7e-m/nofp/libc.a(libc_a-atexit.o)
 .ARM.attributes
                0x00000413       0x2e /Applications/ArmGNUToolchain/13.3.rel1/arm-none-eabi/bin/../lib/gcc/arm-none-eabi/13.3.1/../../../../arm-none-eabi/lib/thumb/v7e-m/nofp/libc.a(libc_a-fini.o)
 .ARM.attributes
                0x00000441       0x2e /Applications/ArmGNUToolchain/13.3.rel1/arm-none-eabi/bin/../lib/gcc/arm-none-eabi/13.3.1/../../../../arm-none-eabi/lib/thumb/v7e-m/nofp/libc.a(libc_a-__atexit.o)
 .ARM.attributes
                0x0000046f       0x2e /Applications/ArmGNUToolchain/13.3.rel1/arm-none-eabi/bin/../lib/gcc/arm-none-eabi/13.3.1/thumb/v7e-m/nofp/crtend.o
 .ARM.attributes
                0x0000049d       0x1e /Applications/ArmGNUToolchain/13.3.rel1/arm-none-eabi/bin/../lib/gcc/arm-none-eabi/13.3.1/thumb/v7e-m/nofp/crtn.o
OUTPUT(LED_lighting_exercise1.elf elf32-littlearm)
LOAD linker stubs
LOAD /Applications/ArmGNUToolchain/13.3.rel1/arm-none-eabi/bin/../lib/gcc/arm-none-eabi/13.3.1/../../../../arm-none-eabi/lib/thumb/v7e-m/nofp/libc.a
LOAD /Applications/ArmGNUToolchain/13.3.rel1/arm-none-eabi/bin/../lib/gcc/arm-none-eabi/13.3.1/../../../../arm-none-eabi/lib/thumb/v7e-m/nofp/libm.a
LOAD /Applications/ArmGNUToolchain/13.3.rel1/arm-none-eabi/bin/../lib/gcc/arm-none-eabi/13.3.1/thumb/v7e-m/nofp/libgcc.a

.debug_info     0x00000000     0xb869
 .debug_info    0x00000000      0x493 CMakeFiles/LED_lighting_exercise1.elf.dir/Core/Src/gpio.c.obj
 .debug_info    0x00000493      0xce4 CMakeFiles/LED_lighting_exercise1.elf.dir/Core/Src/main.c.obj
 .debug_info    0x00001177      0x27d CMakeFiles/LED_lighting_exercise1.elf.dir/Core/Src/stm32f4xx_hal_msp.c.obj
 .debug_info    0x000013f4      0x77c CMakeFiles/LED_lighting_exercise1.elf.dir/Core/Src/stm32f4xx_it.c.obj
 .debug_info    0x00001b70      0x34c CMakeFiles/LED_lighting_exercise1.elf.dir/Core/Src/system_stm32f4xx.c.obj
 .debug_info    0x00001ebc      0xea8 CMakeFiles/LED_lighting_exercise1.elf.dir/Core/Src/tim.c.obj
 .debug_info    0x00002d64       0x30 CMakeFiles/LED_lighting_exercise1.elf.dir/Core/Startup/startup_stm32f427iihx.s.obj
 .debug_info    0x00002d94      0xa4c CMakeFiles/LED_lighting_exercise1.elf.dir/Drivers/STM32F4xx_HAL_Driver/Src/stm32f4xx_hal.c.obj
 .debug_info    0x000037e0     0x101f CMakeFiles/LED_lighting_exercise1.elf.dir/Drivers/STM32F4xx_HAL_Driver/Src/stm32f4xx_hal_cortex.c.obj
 .debug_info    0x000047ff      0x71c CMakeFiles/LED_lighting_exercise1.elf.dir/Drivers/STM32F4xx_HAL_Driver/Src/stm32f4xx_hal_gpio.c.obj
 .debug_info    0x00004f1b      0x78a CMakeFiles/LED_lighting_exercise1.elf.dir/Drivers/STM32F4xx_HAL_Driver/Src/stm32f4xx_hal_pwr_ex.c.obj
 .debug_info    0x000056a5      0xa85 CMakeFiles/LED_lighting_exercise1.elf.dir/Drivers/STM32F4xx_HAL_Driver/Src/stm32f4xx_hal_rcc.c.obj
 .debug_info    0x0000612a     0x3c53 CMakeFiles/LED_lighting_exercise1.elf.dir/Drivers/STM32F4xx_HAL_Driver/Src/stm32f4xx_hal_tim.c.obj
 .debug_info    0x00009d7d     0x1aec CMakeFiles/LED_lighting_exercise1.elf.dir/Drivers/STM32F4xx_HAL_Driver/Src/stm32f4xx_hal_tim_ex.c.obj

.debug_abbrev   0x00000000     0x1b34
 .debug_abbrev  0x00000000      0x164 CMakeFiles/LED_lighting_exercise1.elf.dir/Core/Src/gpio.c.obj
 .debug_abbrev  0x00000164      0x27a CMakeFiles/LED_lighting_exercise1.elf.dir/Core/Src/main.c.obj
 .debug_abbrev  0x000003de       0xd6 CMakeFiles/LED_lighting_exercise1.elf.dir/Core/Src/stm32f4xx_hal_msp.c.obj
 .debug_abbrev  0x000004b4      0x1b8 CMakeFiles/LED_lighting_exercise1.elf.dir/Core/Src/stm32f4xx_it.c.obj
 .debug_abbrev  0x0000066c      0x120 CMakeFiles/LED_lighting_exercise1.elf.dir/Core/Src/system_stm32f4xx.c.obj
 .debug_abbrev  0x0000078c      0x224 CMakeFiles/LED_lighting_exercise1.elf.dir/Core/Src/tim.c.obj
 .debug_abbrev  0x000009b0       0x24 CMakeFiles/LED_lighting_exercise1.elf.dir/Core/Startup/startup_stm32f427iihx.s.obj
 .debug_abbrev  0x000009d4      0x240 CMakeFiles/LED_lighting_exercise1.elf.dir/Drivers/STM32F4xx_HAL_Driver/Src/stm32f4xx_hal.c.obj
 .debug_abbrev  0x00000c14      0x391 CMakeFiles/LED_lighting_exercise1.elf.dir/Drivers/STM32F4xx_HAL_Driver/Src/stm32f4xx_hal_cortex.c.obj
 .debug_abbrev  0x00000fa5      0x202 CMakeFiles/LED_lighting_exercise1.elf.dir/Drivers/STM32F4xx_HAL_Driver/Src/stm32f4xx_hal_gpio.c.obj
 .debug_abbrev  0x000011a7      0x1e6 CMakeFiles/LED_lighting_exercise1.elf.dir/Drivers/STM32F4xx_HAL_Driver/Src/stm32f4xx_hal_pwr_ex.c.obj
 .debug_abbrev  0x0000138d      0x2c7 CMakeFiles/LED_lighting_exercise1.elf.dir/Drivers/STM32F4xx_HAL_Driver/Src/stm32f4xx_hal_rcc.c.obj
 .debug_abbrev  0x00001654      0x271 CMakeFiles/LED_lighting_exercise1.elf.dir/Drivers/STM32F4xx_HAL_Driver/Src/stm32f4xx_hal_tim.c.obj
 .debug_abbrev  0x000018c5      0x26f CMakeFiles/LED_lighting_exercise1.elf.dir/Drivers/STM32F4xx_HAL_Driver/Src/stm32f4xx_hal_tim_ex.c.obj

.debug_aranges  0x00000000      0xa00
 .debug_aranges
                0x00000000       0x20 CMakeFiles/LED_lighting_exercise1.elf.dir/Core/Src/gpio.c.obj
 .debug_aranges
                0x00000020       0x40 CMakeFiles/LED_lighting_exercise1.elf.dir/Core/Src/main.c.obj
 .debug_aranges
                0x00000060       0x20 CMakeFiles/LED_lighting_exercise1.elf.dir/Core/Src/stm32f4xx_hal_msp.c.obj
 .debug_aranges
                0x00000080       0x88 CMakeFiles/LED_lighting_exercise1.elf.dir/Core/Src/stm32f4xx_it.c.obj
 .debug_aranges
                0x00000108       0x28 CMakeFiles/LED_lighting_exercise1.elf.dir/Core/Src/system_stm32f4xx.c.obj
 .debug_aranges
                0x00000130       0x38 CMakeFiles/LED_lighting_exercise1.elf.dir/Core/Src/tim.c.obj
 .debug_aranges
                0x00000168       0x28 CMakeFiles/LED_lighting_exercise1.elf.dir/Core/Startup/startup_stm32f427iihx.s.obj
 .debug_aranges
                0x00000190      0x100 CMakeFiles/LED_lighting_exercise1.elf.dir/Drivers/STM32F4xx_HAL_Driver/Src/stm32f4xx_hal.c.obj
 .debug_aranges
                0x00000290       0xf8 CMakeFiles/LED_lighting_exercise1.elf.dir/Drivers/STM32F4xx_HAL_Driver/Src/stm32f4xx_hal_cortex.c.obj
 .debug_aranges
                0x00000388       0x58 CMakeFiles/LED_lighting_exercise1.elf.dir/Drivers/STM32F4xx_HAL_Driver/Src/stm32f4xx_hal_gpio.c.obj
 .debug_aranges
                0x000003e0       0x60 CMakeFiles/LED_lighting_exercise1.elf.dir/Drivers/STM32F4xx_HAL_Driver/Src/stm32f4xx_hal_pwr_ex.c.obj
 .debug_aranges
                0x00000440       0x88 CMakeFiles/LED_lighting_exercise1.elf.dir/Drivers/STM32F4xx_HAL_Driver/Src/stm32f4xx_hal_rcc.c.obj
 .debug_aranges
                0x000004c8      0x3d0 CMakeFiles/LED_lighting_exercise1.elf.dir/Drivers/STM32F4xx_HAL_Driver/Src/stm32f4xx_hal_tim.c.obj
 .debug_aranges
                0x00000898      0x168 CMakeFiles/LED_lighting_exercise1.elf.dir/Drivers/STM32F4xx_HAL_Driver/Src/stm32f4xx_hal_tim_ex.c.obj

.debug_rnglists
                0x00000000      0x792
 .debug_rnglists
                0x00000000       0x14 CMakeFiles/LED_lighting_exercise1.elf.dir/Core/Src/gpio.c.obj
 .debug_rnglists
                0x00000014       0x2c CMakeFiles/LED_lighting_exercise1.elf.dir/Core/Src/main.c.obj
 .debug_rnglists
                0x00000040       0x13 CMakeFiles/LED_lighting_exercise1.elf.dir/Core/Src/stm32f4xx_hal_msp.c.obj
 .debug_rnglists
                0x00000053       0x61 CMakeFiles/LED_lighting_exercise1.elf.dir/Core/Src/stm32f4xx_it.c.obj
 .debug_rnglists
                0x000000b4       0x1a CMakeFiles/LED_lighting_exercise1.elf.dir/Core/Src/system_stm32f4xx.c.obj
 .debug_rnglists
                0x000000ce       0x26 CMakeFiles/LED_lighting_exercise1.elf.dir/Core/Src/tim.c.obj
 .debug_rnglists
                0x000000f4       0x19 CMakeFiles/LED_lighting_exercise1.elf.dir/Core/Startup/startup_stm32f427iihx.s.obj
 .debug_rnglists
                0x0000010d       0xbb CMakeFiles/LED_lighting_exercise1.elf.dir/Drivers/STM32F4xx_HAL_Driver/Src/stm32f4xx_hal.c.obj
 .debug_rnglists
                0x000001c8       0xb5 CMakeFiles/LED_lighting_exercise1.elf.dir/Drivers/STM32F4xx_HAL_Driver/Src/stm32f4xx_hal_cortex.c.obj
 .debug_rnglists
                0x0000027d       0x3f CMakeFiles/LED_lighting_exercise1.elf.dir/Drivers/STM32F4xx_HAL_Driver/Src/stm32f4xx_hal_gpio.c.obj
 .debug_rnglists
                0x000002bc       0x44 CMakeFiles/LED_lighting_exercise1.elf.dir/Drivers/STM32F4xx_HAL_Driver/Src/stm32f4xx_hal_pwr_ex.c.obj
 .debug_rnglists
                0x00000300       0x75 CMakeFiles/LED_lighting_exercise1.elf.dir/Drivers/STM32F4xx_HAL_Driver/Src/stm32f4xx_hal_rcc.c.obj
 .debug_rnglists
                0x00000375      0x302 CMakeFiles/LED_lighting_exercise1.elf.dir/Drivers/STM32F4xx_HAL_Driver/Src/stm32f4xx_hal_tim.c.obj
 .debug_rnglists
                0x00000677      0x11b CMakeFiles/LED_lighting_exercise1.elf.dir/Drivers/STM32F4xx_HAL_Driver/Src/stm32f4xx_hal_tim_ex.c.obj

.debug_line     0x00000000     0xa1f7
 .debug_line    0x00000000      0x292 CMakeFiles/LED_lighting_exercise1.elf.dir/Core/Src/gpio.c.obj
 .debug_line    0x00000292      0x4d8 CMakeFiles/LED_lighting_exercise1.elf.dir/Core/Src/main.c.obj
 .debug_line    0x0000076a      0x1d5 CMakeFiles/LED_lighting_exercise1.elf.dir/Core/Src/stm32f4xx_hal_msp.c.obj
 .debug_line    0x0000093f      0x3ad CMakeFiles/LED_lighting_exercise1.elf.dir/Core/Src/stm32f4xx_it.c.obj
 .debug_line    0x00000cec      0x29c CMakeFiles/LED_lighting_exercise1.elf.dir/Core/Src/system_stm32f4xx.c.obj
 .debug_line    0x00000f88      0x48f CMakeFiles/LED_lighting_exercise1.elf.dir/Core/Src/tim.c.obj
 .debug_line    0x00001417       0x7a CMakeFiles/LED_lighting_exercise1.elf.dir/Core/Startup/startup_stm32f427iihx.s.obj
 .debug_line    0x00001491      0x691 CMakeFiles/LED_lighting_exercise1.elf.dir/Drivers/STM32F4xx_HAL_Driver/Src/stm32f4xx_hal.c.obj
 .debug_line    0x00001b22      0x91c CMakeFiles/LED_lighting_exercise1.elf.dir/Drivers/STM32F4xx_HAL_Driver/Src/stm32f4xx_hal_cortex.c.obj
 .debug_line    0x0000243e      0x7d5 CMakeFiles/LED_lighting_exercise1.elf.dir/Drivers/STM32F4xx_HAL_Driver/Src/stm32f4xx_hal_gpio.c.obj
 .debug_line    0x00002c13      0x5da CMakeFiles/LED_lighting_exercise1.elf.dir/Drivers/STM32F4xx_HAL_Driver/Src/stm32f4xx_hal_pwr_ex.c.obj
 .debug_line    0x000031ed      0xc75 CMakeFiles/LED_lighting_exercise1.elf.dir/Drivers/STM32F4xx_HAL_Driver/Src/stm32f4xx_hal_rcc.c.obj
 .debug_line    0x00003e62     0x4826 CMakeFiles/LED_lighting_exercise1.elf.dir/Drivers/STM32F4xx_HAL_Driver/Src/stm32f4xx_hal_tim.c.obj
 .debug_line    0x00008688     0x1b6f CMakeFiles/LED_lighting_exercise1.elf.dir/Drivers/STM32F4xx_HAL_Driver/Src/stm32f4xx_hal_tim_ex.c.obj

.debug_str      0x00000000     0x3640
 .debug_str     0x00000000     0x3640 CMakeFiles/LED_lighting_exercise1.elf.dir/Core/Src/gpio.c.obj
                                0x3e0 (size before relaxing)
 .debug_str     0x00003640      0xb0a CMakeFiles/LED_lighting_exercise1.elf.dir/Core/Src/main.c.obj
 .debug_str     0x00003640      0x321 CMakeFiles/LED_lighting_exercise1.elf.dir/Core/Src/stm32f4xx_hal_msp.c.obj
 .debug_str     0x00003640      0x84d CMakeFiles/LED_lighting_exercise1.elf.dir/Core/Src/stm32f4xx_it.c.obj
 .debug_str     0x00003640      0x387 CMakeFiles/LED_lighting_exercise1.elf.dir/Core/Src/system_stm32f4xx.c.obj
 .debug_str     0x00003640      0xf4b CMakeFiles/LED_lighting_exercise1.elf.dir/Core/Src/tim.c.obj
 .debug_str     0x00003640       0xc7 CMakeFiles/LED_lighting_exercise1.elf.dir/Core/Startup/startup_stm32f427iihx.s.obj
 .debug_str     0x00003640      0xc52 CMakeFiles/LED_lighting_exercise1.elf.dir/Drivers/STM32F4xx_HAL_Driver/Src/stm32f4xx_hal.c.obj
 .debug_str     0x00003640      0xd15 CMakeFiles/LED_lighting_exercise1.elf.dir/Drivers/STM32F4xx_HAL_Driver/Src/stm32f4xx_hal_cortex.c.obj
 .debug_str     0x00003640      0x546 CMakeFiles/LED_lighting_exercise1.elf.dir/Drivers/STM32F4xx_HAL_Driver/Src/stm32f4xx_hal_gpio.c.obj
 .debug_str     0x00003640      0x531 CMakeFiles/LED_lighting_exercise1.elf.dir/Drivers/STM32F4xx_HAL_Driver/Src/stm32f4xx_hal_pwr_ex.c.obj
 .debug_str     0x00003640      0x76c CMakeFiles/LED_lighting_exercise1.elf.dir/Drivers/STM32F4xx_HAL_Driver/Src/stm32f4xx_hal_rcc.c.obj
 .debug_str     0x00003640     0x1752 CMakeFiles/LED_lighting_exercise1.elf.dir/Drivers/STM32F4xx_HAL_Driver/Src/stm32f4xx_hal_tim.c.obj
 .debug_str     0x00003640      0xf5e CMakeFiles/LED_lighting_exercise1.elf.dir/Drivers/STM32F4xx_HAL_Driver/Src/stm32f4xx_hal_tim_ex.c.obj

.comment        0x00000000       0x45
 .comment       0x00000000       0x45 CMakeFiles/LED_lighting_exercise1.elf.dir/Core/Src/gpio.c.obj
                                 0x46 (size before relaxing)
 .comment       0x00000045       0x46 CMakeFiles/LED_lighting_exercise1.elf.dir/Core/Src/main.c.obj
 .comment       0x00000045       0x46 CMakeFiles/LED_lighting_exercise1.elf.dir/Core/Src/stm32f4xx_hal_msp.c.obj
 .comment       0x00000045       0x46 CMakeFiles/LED_lighting_exercise1.elf.dir/Core/Src/stm32f4xx_it.c.obj
 .comment       0x00000045       0x46 CMakeFiles/LED_lighting_exercise1.elf.dir/Core/Src/system_stm32f4xx.c.obj
 .comment       0x00000045       0x46 CMakeFiles/LED_lighting_exercise1.elf.dir/Core/Src/tim.c.obj
 .comment       0x00000045       0x46 CMakeFiles/LED_lighting_exercise1.elf.dir/Drivers/STM32F4xx_HAL_Driver/Src/stm32f4xx_hal.c.obj
 .comment       0x00000045       0x46 CMakeFiles/LED_lighting_exercise1.elf.dir/Drivers/STM32F4xx_HAL_Driver/Src/stm32f4xx_hal_cortex.c.obj
 .comment       0x00000045       0x46 CMakeFiles/LED_lighting_exercise1.elf.dir/Drivers/STM32F4xx_HAL_Driver/Src/stm32f4xx_hal_gpio.c.obj
 .comment       0x00000045       0x46 CMakeFiles/LED_lighting_exercise1.elf.dir/Drivers/STM32F4xx_HAL_Driver/Src/stm32f4xx_hal_pwr_ex.c.obj
 .comment       0x00000045       0x46 CMakeFiles/LED_lighting_exercise1.elf.dir/Drivers/STM32F4xx_HAL_Driver/Src/stm32f4xx_hal_rcc.c.obj
 .comment       0x00000045       0x46 CMakeFiles/LED_lighting_exercise1.elf.dir/Drivers/STM32F4xx_HAL_Driver/Src/stm32f4xx_hal_tim.c.obj
 .comment       0x00000045       0x46 CMakeFiles/LED_lighting_exercise1.elf.dir/Drivers/STM32F4xx_HAL_Driver/Src/stm32f4xx_hal_tim_ex.c.obj

.debug_frame    0x00000000     0x1b74
 .debug_frame   0x00000000       0x34 CMakeFiles/LED_lighting_exercise1.elf.dir/Core/Src/gpio.c.obj
 .debug_frame   0x00000034       0x88 CMakeFiles/LED_lighting_exercise1.elf.dir/Core/Src/main.c.obj
 .debug_frame   0x000000bc       0x28 CMakeFiles/LED_lighting_exercise1.elf.dir/Core/Src/stm32f4xx_hal_msp.c.obj
 .debug_frame   0x000000e4      0x120 CMakeFiles/LED_lighting_exercise1.elf.dir/Core/Src/stm32f4xx_it.c.obj
 .debug_frame   0x00000204       0x30 CMakeFiles/LED_lighting_exercise1.elf.dir/Core/Src/system_stm32f4xx.c.obj
 .debug_frame   0x00000234       0x88 CMakeFiles/LED_lighting_exercise1.elf.dir/Core/Src/tim.c.obj
 .debug_frame   0x000002bc      0x20c CMakeFiles/LED_lighting_exercise1.elf.dir/Drivers/STM32F4xx_HAL_Driver/Src/stm32f4xx_hal.c.obj
 .debug_frame   0x000004c8      0x214 CMakeFiles/LED_lighting_exercise1.elf.dir/Drivers/STM32F4xx_HAL_Driver/Src/stm32f4xx_hal_cortex.c.obj
 .debug_frame   0x000006dc       0xd4 CMakeFiles/LED_lighting_exercise1.elf.dir/Drivers/STM32F4xx_HAL_Driver/Src/stm32f4xx_hal_gpio.c.obj
 .debug_frame   0x000007b0       0xec CMakeFiles/LED_lighting_exercise1.elf.dir/Drivers/STM32F4xx_HAL_Driver/Src/stm32f4xx_hal_pwr_ex.c.obj
 .debug_frame   0x0000089c      0x16c CMakeFiles/LED_lighting_exercise1.elf.dir/Drivers/STM32F4xx_HAL_Driver/Src/stm32f4xx_hal_rcc.c.obj
 .debug_frame   0x00000a08      0xb08 CMakeFiles/LED_lighting_exercise1.elf.dir/Drivers/STM32F4xx_HAL_Driver/Src/stm32f4xx_hal_tim.c.obj
 .debug_frame   0x00001510      0x418 CMakeFiles/LED_lighting_exercise1.elf.dir/Drivers/STM32F4xx_HAL_Driver/Src/stm32f4xx_hal_tim_ex.c.obj
 .debug_frame   0x00001928       0x2c /Applications/ArmGNUToolchain/13.3.rel1/arm-none-eabi/bin/../lib/gcc/arm-none-eabi/13.3.1/thumb/v7e-m/nofp/libgcc.a(_aeabi_uldivmod.o)
 .debug_frame   0x00001954       0x34 /Applications/ArmGNUToolchain/13.3.rel1/arm-none-eabi/bin/../lib/gcc/arm-none-eabi/13.3.1/thumb/v7e-m/nofp/libgcc.a(_udivmoddi4.o)
 .debug_frame   0x00001988       0x2c /Applications/ArmGNUToolchain/13.3.rel1/arm-none-eabi/bin/../lib/gcc/arm-none-eabi/13.3.1/../../../../arm-none-eabi/lib/thumb/v7e-m/nofp/libc.a(libc_a-memset.o)
 .debug_frame   0x000019b4       0x2c /Applications/ArmGNUToolchain/13.3.rel1/arm-none-eabi/bin/../lib/gcc/arm-none-eabi/13.3.1/../../../../arm-none-eabi/lib/thumb/v7e-m/nofp/libc.a(libc_a-init.o)
 .debug_frame   0x000019e0       0xb0 /Applications/ArmGNUToolchain/13.3.rel1/arm-none-eabi/bin/../lib/gcc/arm-none-eabi/13.3.1/../../../../arm-none-eabi/lib/thumb/v7e-m/nofp/libc.a(libc_a-lock.o)
 .debug_frame   0x00001a90       0x5c /Applications/ArmGNUToolchain/13.3.rel1/arm-none-eabi/bin/../lib/gcc/arm-none-eabi/13.3.1/../../../../arm-none-eabi/lib/thumb/v7e-m/nofp/libc.a(libc_a-__call_atexit.o)
 .debug_frame   0x00001aec       0x20 /Applications/ArmGNUToolchain/13.3.rel1/arm-none-eabi/bin/../lib/gcc/arm-none-eabi/13.3.1/../../../../arm-none-eabi/lib/thumb/v7e-m/nofp/libc.a(libc_a-atexit.o)
 .debug_frame   0x00001b0c       0x34 /Applications/ArmGNUToolchain/13.3.rel1/arm-none-eabi/bin/../lib/gcc/arm-none-eabi/13.3.1/../../../../arm-none-eabi/lib/thumb/v7e-m/nofp/libc.a(libc_a-fini.o)
 .debug_frame   0x00001b40       0x34 /Applications/ArmGNUToolchain/13.3.rel1/arm-none-eabi/bin/../lib/gcc/arm-none-eabi/13.3.1/../../../../arm-none-eabi/lib/thumb/v7e-m/nofp/libc.a(libc_a-__atexit.o)

.debug_loclists
                0x00000000     0x5c68
 .debug_loclists
                0x00000000       0x40 CMakeFiles/LED_lighting_exercise1.elf.dir/Core/Src/main.c.obj
 .debug_loclists
                0x00000040       0xfa CMakeFiles/LED_lighting_exercise1.elf.dir/Core/Src/system_stm32f4xx.c.obj
 .debug_loclists
                0x0000013a       0xa5 CMakeFiles/LED_lighting_exercise1.elf.dir/Core/Src/tim.c.obj
 .debug_loclists
                0x000001df       0xe1 CMakeFiles/LED_lighting_exercise1.elf.dir/Drivers/STM32F4xx_HAL_Driver/Src/stm32f4xx_hal.c.obj
 .debug_loclists
                0x000002c0      0x54d CMakeFiles/LED_lighting_exercise1.elf.dir/Drivers/STM32F4xx_HAL_Driver/Src/stm32f4xx_hal_cortex.c.obj
 .debug_loclists
                0x0000080d      0x386 CMakeFiles/LED_lighting_exercise1.elf.dir/Drivers/STM32F4xx_HAL_Driver/Src/stm32f4xx_hal_gpio.c.obj
 .debug_loclists
                0x00000b93      0x15a CMakeFiles/LED_lighting_exercise1.elf.dir/Drivers/STM32F4xx_HAL_Driver/Src/stm32f4xx_hal_pwr_ex.c.obj
 .debug_loclists
                0x00000ced      0x3e5 CMakeFiles/LED_lighting_exercise1.elf.dir/Drivers/STM32F4xx_HAL_Driver/Src/stm32f4xx_hal_rcc.c.obj
 .debug_loclists
                0x000010d2     0x37aa CMakeFiles/LED_lighting_exercise1.elf.dir/Drivers/STM32F4xx_HAL_Driver/Src/stm32f4xx_hal_tim.c.obj
 .debug_loclists
                0x0000487c     0x13ec CMakeFiles/LED_lighting_exercise1.elf.dir/Drivers/STM32F4xx_HAL_Driver/Src/stm32f4xx_hal_tim_ex.c.obj

.debug_line_str
                0x00000000      0x186
 .debug_line_str
                0x00000000      0x186 CMakeFiles/LED_lighting_exercise1.elf.dir/Core/Startup/startup_stm32f427iihx.s.obj
                                 0xab (size before relaxing)
 .debug_line_str
                0x00000186       0xcf /Applications/ArmGNUToolchain/13.3.rel1/arm-none-eabi/bin/../lib/gcc/arm-none-eabi/13.3.1/thumb/v7e-m/nofp/libgcc.a(_aeabi_uldivmod.o)
 .debug_line_str
                0x00000186       0xd3 /Applications/ArmGNUToolchain/13.3.rel1/arm-none-eabi/bin/../lib/gcc/arm-none-eabi/13.3.1/thumb/v7e-m/nofp/libgcc.a(_dvmd_tls.o)
